[backblue.gif]
[fade.gif]
[index.html]
[localhost/wordpress/wp-includes/css/dist/block-library/style.min9dff.css]
[localhost/wordpress/wp-content/themes/twentytwenty/style4963.css]
[localhost/wordpress/wp-content/themes/twentytwenty/print4963.css]
[localhost/wordpress/wp-content/plugins/elementor/assets/lib/eicons/css/elementor-icons.mindeba.css]
[localhost/wordpress/wp-content/plugins/elementor/assets/lib/animations/animations.min42e1.css]
[localhost/wordpress/wp-content/plugins/elementor/assets/css/frontend.min42e1.css]
[localhost/wordpress/wp-content/uploads/elementor/css/globala635.css]
[localhost/wordpress/wp-content/uploads/elementor/css/post-7a2d7.css]
[localhost/wordpress/wp-content/themes/twentytwenty/assets/js/index4963.js]
[localhost/wordpress/wp-content/uploads/2020/02/cropped-17904135_1651602374868008_1859703828592838142_n.png]
[localhost/wordpress/wp-content/uploads/2020/02/WP1-1200x600.jpg]
[localhost/wordpress/wp-content/uploads/2020/02/1-1-300x204.png]
[localhost/wordpress/wp-content/uploads/2020/02/2-300x205.png]
[localhost/wordpress/wp-content/uploads/2020/02/A1-1024x538.png]
[localhost/wordpress/wp-content/uploads/2020/02/A2-1024x733.png]
[localhost/wordpress/wp-content/uploads/2020/02/A3-232x300.png]
[localhost/wordpress/wp-content/uploads/2020/02/A4-1024x469.png]
[localhost/wordpress/wp-content/uploads/2020/02/A5-300x222.png]
[localhost/wordpress/wp-content/uploads/2020/02/A8-300x232.png]
[localhost/wordpress/wp-content/uploads/2020/02/A6-1024x248.png]
[localhost/wordpress/wp-content/uploads/2020/02/A7-1024x186.png]
[localhost/wordpress/wp-content/uploads/2020/02/76710842_2401648540084241_309934782928650240_o-300x300.jpg]
[localhost/wordpress/wp-includes/js/wp-embed.min9dff.js]
[localhost/wordpress/wp-includes/js/jquery/jquery-migrate.min330a.js]
[localhost/wordpress/wp-includes/js/jquery/ui/position.mine899.js]
[localhost/wordpress/wp-content/plugins/elementor/assets/lib/dialog/dialog.minfe9d.js]
[localhost/wordpress/wp-content/plugins/elementor/assets/lib/waypoints/waypoints.min05da.js]
[localhost/wordpress/wp-content/plugins/elementor/assets/js/frontend-modules.min42e1.js]
[file/C_/Users/USER/Desktop/20200203 -STC - WORDPRESS WORKSHOP - 1/simply-static-1-1580897306/index.html]
[localhost/wordpress/wp-includes/js/jquery/jquery4a5f.js]
[localhost/wordpress/wp-includes/css/dist/block-library/style.min9dff.css]
[localhost/wordpress/wp-content/themes/twentytwenty/assets/fonts/inter/Inter-upright-var.woff2]
[localhost/wordpress/wp-content/plugins/elementor/assets/js/frontend.min42e1.js]
[localhost/wordpress/wp-content/themes/twentytwenty/assets/fonts/inter/Inter-italic-var.woff2]
[localhost/wordpress/wp-content/plugins/elementor/assets/lib/swiper/swiper.min4f24.js]
[localhost/wordpress/wp-content/themes/twentytwenty/style4963.css]
[localhost/wordpress/wp-content/themes/twentytwenty/print4963.css]
[localhost/wordpress/wp-content/plugins/elementor/assets/lib/eicons/css/elementor-icons.mindeba.css]
[localhost/wordpress/wp-content/plugins/elementor/assets/lib/animations/animations.min42e1.css]
[localhost/wordpress/wp-content/plugins/elementor/assets/css/frontend.min42e1.css]
[localhost/wordpress/wp-content/uploads/elementor/css/globala635.css]
[localhost/wordpress/wp-content/uploads/elementor/css/post-7a2d7.css]
